// Jest Snapshot v1, https://goo.gl/fbAQLP

exports[`Toolbar component Can render a toolbar with basic navigation 1`] = `
Array [
  <div
    className="header"
  >
    <a
      className="home-link"
      href="/"
      onClick={[Function]}
    >
      <p
        className="title"
      >
        Kurald Galain
      </p>
      <p
        className="subtitle"
      >
        A Malazan Book of the Fallen Fansite
      </p>
    </a>
  </div>,
  ",",
  <div />,
]
`;
